Gnucap gnucap-arails  2009.12.07 RCS 26.136 globalpar
The Gnu Circuit Analysis Package
Never trust any version less than 1.0
Copyright 1982-2009, Albert Davis
Gnucap comes with ABSOLUTELY NO WARRANTY
This is free software, and you are welcome
to redistribute it under the terms of 
the GNU General Public License, version 3 or later.
See the file "COPYING" for details.
* parhier local/global 
#           v(n0)      i(v1)     
 27.        0.99998   -3    
