Gnucap gnucap-arails  2009.12.07 RCS 26.136
The Gnu Circuit Analysis Package
Never trust any version less than 1.0
Copyright 1982-2009, Albert Davis
Gnucap comes with ABSOLUTELY NO WARRANTY
This is free software, and you are welcome
to redistribute it under the terms of 
the GNU General Public License, version 3 or later.
See the file "COPYING" for details.
* logic functions 
#           v(v10)     v(v11)     v(v12)     v(v20)     v(v21)     v(v22)     v(v30)     v(v31)     v(v40)     v(v41)     v(v50)     v(v51)    
 27.        0.         0.         1.         2.         2.         0.         0.         1.         1.         0.         1.         0.        
