Gnucap gnucap-arails  2009.12.07 RCS 26.136
The Gnu Circuit Analysis Package
Never trust any version less than 1.0
Copyright 1982-2009, Albert Davis
Gnucap comes with ABSOLUTELY NO WARRANTY
This is free software, and you are welcome
to redistribute it under the terms of 
the GNU General Public License, version 3 or later.
See the file "COPYING" for details.
* functions use other functions 
#           v(v1)      v(v2)      v(v3)     
 27.        2.7183     1.8415     4.5598    
