Gnucap gnucap-arails  2009.12.07 RCS 26.136
The Gnu Circuit Analysis Package
Never trust any version less than 1.0
Copyright 1982-2009, Albert Davis
Gnucap comes with ABSOLUTELY NO WARRANTY
This is free software, and you are welcome
to redistribute it under the terms of 
the GNU General Public License, version 3 or later.
See the file "COPYING" for details.
* functions from realistic library - some stuff does not work 
n + s*2.*(w-n)*(b-n) / (w n || n b )
                          ^ ? unbalanced parentheses (factor)
