Gnucap gnucap-arails  2009.12.07 RCS 26.136 master 2010-09-25  bmm_semi_hsp, bm_model fix, back to bmm_semi
The Gnu Circuit Analysis Package
Never trust any version less than 1.0
Copyright 1982-2009, Albert Davis
Gnucap comes with ABSOLUTELY NO WARRANTY
This is free software, and you are welcome
to redistribute it under the terms of 
the GNU General Public License, version 3 or later.
See the file "COPYING" for details.
* test f14 - model with rsh, l, w; L - too small so GMAX is used;  bmm_semi_hsp 
R1:  at rmodel: RS001 resistance is close to zero, resmin used
R1:  at rmodel: RS001 resistance is close to zero, resmin used
#           v(R1)      I(v1)     
 27.        0.5       -50.K      
