Gnucap gnucap-arails  2009.12.07 RCS 26.136 master 2010-09-25  bmm_semi_hsp, bm_model fix, back to bmm_semi
The Gnu Circuit Analysis Package
Never trust any version less than 1.0
Copyright 1982-2009, Albert Davis
Gnucap comes with ABSOLUTELY NO WARRANTY
This is free software, and you are welcome
to redistribute it under the terms of 
the GNU General Public License, version 3 or later.
See the file "COPYING" for details.
* realistic subckt for resistor 
#           v(1)       i(v1)      v(Xr1.Rend1) v(Xr1.Rend2) v(Xr1.Rp) 
 27.        1.        -2.1694u    590.68u    590.68u    0.99882   
