Gnucap gnucap-arails  2009.12.07 RCS 26.136 master 2010-04-09
The Gnu Circuit Analysis Package
Never trust any version less than 1.0
Copyright 1982-2009, Albert Davis
Gnucap comes with ABSOLUTELY NO WARRANTY
This is free software, and you are welcome
to redistribute it under the terms of 
the GNU General Public License, version 3 or later.
See the file "COPYING" for details.
* bin test - start with 1, selects bin 3 
#          
 27.       
#           v(a1)      v(a2)      i(vdd)    
 0.5        5.         0.5        0.        
 0.55       5.         0.55       0.        
 0.6        5.         0.6        0.        
 0.65       5.         0.65       0.        
 0.7        5.         0.7        0.        
 0.75       5.         0.75       0.        
 0.8        5.         0.8        0.        
 0.85       5.         0.85       0.        
 0.9        5.         0.9        0.        
 0.95       5.         0.95       0.        
 1.         5.         1.        -159.98n   
 1.05       5.         1.05      -359.99n   
 1.1        5.         1.1       -640.04n   
 1.15       5.         1.15      -1.u       
 1.2        5.         1.2       -1.44u     
 1.25       5.         1.25      -1.96u     
 1.3        5.         1.3       -2.56u     
 1.35       5.         1.35      -3.24u     
 1.4        5.         1.4       -4.u       
 1.45       5.         1.45      -4.84u     
 1.5        5.         1.5       -5.76u     
